char_at_index.carp:2:17 Can't call char-at with "" and 1, index too large
